#-----------------------------------------------------------
# Vivado v2019.1 (64-bit)
# SW Build 2552052 on Fri May 24 14:49:42 MDT 2019
# IP Build 2548770 on Fri May 24 18:01:18 MDT 2019
# Start of session at: Tue Nov  8 12:30:55 2022
# Process ID: 12740
# Current directory: C:/2022b/courses/EE452/0_EE452_2122/DSPProc/game/xilinxprj
# Command line: vivado.exe -gui_launcher_event rodinguilauncherevent10016 C:\2022b\courses\EE452\0_EE452_2122\DSPProc\game\xilinxprj\game.xpr
# Log file: C:/2022b/courses/EE452/0_EE452_2122/DSPProc/game/xilinxprj/vivado.log
# Journal file: C:/2022b/courses/EE452/0_EE452_2122/DSPProc/game/xilinxprj\vivado.jou
#-----------------------------------------------------------
start_gui
open_project C:/2022b/courses/EE452/0_EE452_2122/DSPProc/game/xilinxprj/game.xpr
update_compile_order -fileset sources_1
update_files -from_files C:/2022b/courses/EE452/0_EE452_2122/DSPProc/game/arrayPackage.vhd -to_files C:/2022b/courses/EE452/0_EE452_2122/DSPProc/DSPProcV1.1/pkgAndComponents/arrayPackage.vhd -filesets [get_filesets *]
update_files -from_files C:/2022b/courses/EE452/0_EE452_2122/DSPProc/game/game.vhd -to_files C:/2022b/courses/EE452/0_EE452_2122/DSPProc/game/game.vhd -filesets [get_filesets *]
update_files -from_files C:/2022b/courses/EE452/0_EE452_2122/DSPProc/game/gameAndReg32x32.vhd -to_files C:/2022b/courses/EE452/0_EE452_2122/DSPProc/game/gameAndReg32x32.vhd -filesets [get_filesets *]
update_files -from_files C:/2022b/courses/EE452/0_EE452_2122/DSPProc/game/testbench/gameAndReg32x32_TB.vhd -to_files C:/2022b/courses/EE452/0_EE452_2122/DSPProc/game/testbench/gameAndReg32x32_TB.vhd -filesets [get_filesets *]
export_ip_user_files -of_objects  [get_files C:/2022b/courses/EE452/0_EE452_2122/DSPProc/DSPProcV1.1/DSPFunctions/game/testbench/game_TB.vhd] -no_script -reset -force -quiet
remove_files  -fileset sim_1 C:/2022b/courses/EE452/0_EE452_2122/DSPProc/DSPProcV1.1/DSPFunctions/game/testbench/game_TB.vhd
export_ip_user_files -of_objects  [get_files C:/2022b/courses/EE452/0_EE452_2122/DSPProc/DSPProcV1.1/DSPFunctions/game/testbench/game_TB_behav.wcfg] -no_script -reset -force -quiet
remove_files  -fileset sim_1 C:/2022b/courses/EE452/0_EE452_2122/DSPProc/DSPProcV1.1/DSPFunctions/game/testbench/game_TB_behav.wcfg
update_files -from_files C:/2022b/courses/EE452/0_EE452_2122/DSPProc/game/testbench/gameAndReg32x32_TB_behav.wcfg -to_files C:/2022b/courses/EE452/0_EE452_2122/DSPProc/game/testbench/gameAndReg32x32_TB_behav.wcfg -filesets [get_filesets *]
launch_simulation
open_wave_config C:/2022b/courses/EE452/0_EE452_2122/DSPProc/game/testbench/gameAndReg32x32_TB_behav.wcfg
source gameAndReg32x32_TB.tcl
save_wave_config {C:/2022b/courses/EE452/0_EE452_2122/DSPProc/game/testbench/gameAndReg32x32_TB_behav.wcfg}
save_wave_config {C:/2022b/courses/EE452/0_EE452_2122/DSPProc/game/testbench/gameAndReg32x32_TB_behav.wcfg}
reset_run synth_1
launch_runs synth_1 -jobs 2
wait_on_run synth_1
synth_design -rtl -name rtl_1
refresh_design
refresh_design
close_sim
launch_simulation
launch_simulation
open_wave_config C:/2022b/courses/EE452/0_EE452_2122/DSPProc/game/testbench/gameAndReg32x32_TB_behav.wcfg
source gameAndReg32x32_TB.tcl
reset_run synth_1
launch_runs synth_1 -jobs 2
wait_on_run synth_1
